DESCRIPTION:
Powershell agents for chat room.

The following agents are available:
- ps-gpt: an agent that generate powershell script.
- ps-runner: an agent that run powershell script.

To use the agents, you need to provide a configuration file.
A configuration file is a json file with the following schema:
- https://raw.githubusercontent.com/LittleLittleCloud/Agent-ChatRoom/main/schema/chatroom_powershell_configuration_schema.json

USAGE:
    testhost.dll [OPTIONS]

OPTIONS:
    -h, --help               Prints help information
    -v, --version            Prints version information
    -r, --room <ROOM>        The room name to create
    -p, --port <PORT>        The port to listen
    -c, --config <CONFIG>    Configuration file