DESCRIPTION:
Bing search agent for chat room.
The agent will search the query from Bing search engine and return the result.

To use the agent, you need to provide a configuration file.
A configuration file is a json file with the following schema:
- https://raw.githubusercontent.com/LittleLittleCloud/Agent-ChatRoom/main/schema/chatroom_bing_search_configuration_schema.json

USAGE:
    testhost.dll [OPTIONS]

OPTIONS:
    -h, --help               Prints help information
    -v, --version            Prints version information
    -c, --config <CONFIG>    Configuration file