templates

templates[0] = {
    "$schema": "chatroom_github_configuration_schema.json",
    "issue_helper": {
        "openai_config": {
            "llm_type": "OpenAI",
            "openai_model_id": "gpt-3.5-turbo",
            "openai_api_key": "<your-api-key>"
        }
    },
    "github_repo_name": "<repo-name>",
    "github_repo_owner": "<repo-owner>",
    "github_token": "<gh-token>"
}

