DESCRIPTION:
Github agents for ChatRoom

The following agents are available:
- issue-helper: A github issue helper agent

USAGE:
    testhost.dll [OPTIONS]

OPTIONS:
    -h, --help               Prints help information
    -v, --version            Prints version information
    -r, --room <ROOM>        The room name to create
    -p, --port <PORT>        The port to listen
    -c, --config <CONFIG>    Configuration file