DESCRIPTION:
A Chatroom client.

The client will start a chat room service and attach web ui to it.

USAGE:
    testhost.dll [OPTIONS]

OPTIONS:
    -h, --help               Prints help information
    -v, --version            Prints version information
    -c, --config <CONFIG>    Configuration file