{
  "type": "object",
  "properties": {
    "room_config": {
      "type": "object",
      "properties": {
        "room": {
          "$ref": "#/$defs/string"
        },
        "port": {
          "$ref": "#/$defs/integer"
        }
      },
      "description": "The configuration for the chat room"
    },
    "channel_config": {
      "type": "object",
      "properties": {
        "openai_config": {
          "$ref": "#/$defs/openAIClientConfiguration"
        }
      },
      "description": "The configuration for the chat channel"
    },
    "agent_extensions": {
      "type": "array",
      "items": {
        "type": "object",
        "properties": {
          "name": {
            "type": "string",
            "description": "The name of the extension, can be any string"
          },
          "command": {
            "type": "string",
            "description": "The command to start the agent extension"
          }
        }
      }
    },
    "name": {
      "type": "string",
      "description": "Your name in the chat room",
      "default": "User"
    }
  },
  "$defs": {
    "string": {
      "type": "string",
      "description": "The name of the room. Default is \u0027room\u0027"
    },
    "integer": {
      "type": "integer",
      "description": "The port number where the room is hosted. Default is 30000"
    },
    "openAIClientConfiguration": {
      "type": "object",
      "properties": {
        "llm_type": {
          "$ref": "#/$defs/lLMType"
        },
        "openai_api_key": {
          "$ref": "#/$defs/string1"
        },
        "openai_model_id": {
          "$ref": "#/$defs/string2"
        },
        "azure_openai_endpoint": {
          "$ref": "#/$defs/string3"
        },
        "azure_openai_key": {
          "$ref": "#/$defs/string4"
        },
        "azure_openai_deploy_name": {
          "$ref": "#/$defs/string5"
        },
        "third_party_llm_endpoint": {
          "$ref": "#/$defs/string6"
        },
        "third_party_llm_key": {
          "$ref": "#/$defs/string7"
        },
        "third_party_llm_model_id": {
          "$ref": "#/$defs/string8"
        }
      },
      "description": "openai configuration, this will be used to create openai client"
    },
    "lLMType": {
      "enum": [
        "AOAI",
        "OpenAI",
        "ThirdParty"
      ],
      "description": "LLM provider, default is Azure OpenAI"
    },
    "string1": {
      "type": "string",
      "description": "OpenAI API key, default is $env:OPENAI_API_KEY"
    },
    "string2": {
      "type": "string",
      "description": "OpenAI model ID, default is gpt-3.5-turbo"
    },
    "string3": {
      "type": "string",
      "description": "Azure OpenAI endpoint, default is $env:AZURE_OPENAI_ENDPOINT"
    },
    "string4": {
      "type": "string",
      "description": "Azure OpenAI key, default is $env:AZURE_OPENAI_API_KEY"
    },
    "string5": {
      "type": "string",
      "description": "Azure OpenAI deploy name, default is $env:AZURE_OPENAI_DEPLOY_NAME"
    },
    "string6": {
      "type": "string",
      "description": "Third-party LLM provider endpoint, default is $env:THIRD_PARTY_LLM_ENDPOINT"
    },
    "string7": {
      "type": "string",
      "description": "Third-party LLM provider key, default is $env:THIRD_PARTY_LLM_KEY"
    },
    "string8": {
      "type": "string",
      "description": "Third-party LLM provider model ID, default is $env:THIRD_PARTY_LLM_MODEL_ID"
    }
  }
}