templates

templates[0] = {
    "$schema": "chatroom_openai_configuration_schema.json",
    "room_config": {
        "room": "room",
        "port": 30000
    },
    "agents": [
        {
            "name": "gpt35",
            "system_message": "You are a helpful AI assistant",
            "llm_config": {
                "llm_type": "OpenAI",
                "openai_model_id": "gpt-3.5-turbo",
                "openai_api_key": "<your-api-key>"
            }
        },
        {
            "name": "llama3",
            "system_message": "You are a helpful AI assistant",
            "llm_config": {
                "llm_type": "ThirdParty",
                "third_party_llm_endpoint": "http://127.0.0.1:11434",
                "third_party_llm_model_id": "llama3:latest"
            }
        }
    ]
}

