{
  "type": "object",
  "properties": {
    "room_config": {
      "type": "object",
      "properties": {
        "room": {
          "$ref": "#/$defs/string"
        },
        "port": {
          "$ref": "#/$defs/integer"
        }
      },
      "description": "The configuration for the chat room"
    },
    "agents": {
      "type": "array",
      "items": {
        "type": "object",
        "properties": {
          "llm_config": {
            "$ref": "#/$defs/openAIClientConfiguration"
          },
          "system_message": {
            "$ref": "#/$defs/string9"
          },
          "agent_description": {
            "$ref": "#/$defs/string10"
          },
          "name": {
            "$ref": "#/$defs/string11"
          }
        },
        "description": "openai agents, the name of agents can\u0027t be duplicated"
      },
      "description": "openai agents, the name of agents can\u0027t be duplicated"
    }
  },
  "$defs": {
    "string": {
      "type": "string",
      "description": "The name of the room. Default is \u0027room\u0027"
    },
    "integer": {
      "type": "integer",
      "description": "The port number where the room is hosted. Default is 30000"
    },
    "openAIClientConfiguration": {
      "type": "object",
      "properties": {
        "llm_type": {
          "$ref": "#/$defs/lLMType"
        },
        "openai_api_key": {
          "$ref": "#/$defs/string1"
        },
        "openai_model_id": {
          "$ref": "#/$defs/string2"
        },
        "azure_openai_endpoint": {
          "$ref": "#/$defs/string3"
        },
        "azure_openai_key": {
          "$ref": "#/$defs/string4"
        },
        "azure_openai_deploy_name": {
          "$ref": "#/$defs/string5"
        },
        "third_party_llm_endpoint": {
          "$ref": "#/$defs/string6"
        },
        "third_party_llm_key": {
          "$ref": "#/$defs/string7"
        },
        "third_party_llm_model_id": {
          "$ref": "#/$defs/string8"
        }
      },
      "description": "llm configuration"
    },
    "lLMType": {
      "enum": [
        "AOAI",
        "OpenAI",
        "ThirdParty"
      ],
      "description": "LLM provider, default is Azure OpenAI"
    },
    "string1": {
      "type": "string",
      "description": "OpenAI API key, default is $env:OPENAI_API_KEY"
    },
    "string2": {
      "type": "string",
      "description": "OpenAI model ID, default is gpt-3.5-turbo"
    },
    "string3": {
      "type": "string",
      "description": "Azure OpenAI endpoint, default is $env:AZURE_OPENAI_ENDPOINT"
    },
    "string4": {
      "type": "string",
      "description": "Azure OpenAI key, default is $env:AZURE_OPENAI_API_KEY"
    },
    "string5": {
      "type": "string",
      "description": "Azure OpenAI deploy name, default is $env:AZURE_OPENAI_DEPLOY_NAME"
    },
    "string6": {
      "type": "string",
      "description": "Third-party LLM provider endpoint, default is $env:THIRD_PARTY_LLM_ENDPOINT"
    },
    "string7": {
      "type": "string",
      "description": "Third-party LLM provider key, default is $env:THIRD_PARTY_LLM_KEY"
    },
    "string8": {
      "type": "string",
      "description": "Third-party LLM provider model ID, default is $env:THIRD_PARTY_LLM_MODEL_ID"
    },
    "string9": {
      "type": "string",
      "description": "System message used in gpt agent, default is \u0027You are a helpful AI assistant\u0027"
    },
    "string10": {
      "type": "string",
      "description": "Agent description used in gpt agent, default is \u0027I am a helpful AI assistant\u0027"
    },
    "string11": {
      "type": "string",
      "description": "Name of the agent, default is \u0027gpt\u0027"
    }
  }
}