DESCRIPTION:
OpenAI agent for chat room.

The agent will use OpenAI API to generate response for the input message.

To use the agent, you need to provide a configuration file.
A configuration file is a json file with the following schema:
- https://raw.githubusercontent.com/LittleLittleCloud/Agent-ChatRoom/main/schema/chatroom_openai_configuration_schema.json

USAGE:
    testhost.dll [OPTIONS]

OPTIONS:
    -h, --help               Prints help information
    -v, --version            Prints version information
    -r, --room <ROOM>        The room name to create
    -p, --port <PORT>        The port to listen
    -c, --config <CONFIG>    Configuration file